../Core/Src/main.c:109:6:LED_Control	16	static
../Core/Src/main.c:117:6:DisplayNumber	24	static
../Core/Src/main.c:126:6:BlinkLEDs	32	static
../Core/Src/main.c:142:6:scale_init	16	static
../Core/Src/main.c:164:6:scale_calibrate	8	static
../Core/Src/main.c:171:7:scale_read_force	16	static
../Core/Src/main.c:178:7:scale_filter_force	16	static
../Core/Src/main.c:191:9:scale_is_force_stable	24	static
../Core/Src/main.c:208:6:scale_display_force	64	static
../Core/Src/main.c:228:6:scale_send_uart_data	16	static
../Core/Src/main.c:239:6:scale_handle_error	24	static
../Core/Src/main.c:250:5:main	24	static
../Core/Src/main.c:297:6:SystemClock_Config	88	static
../Core/Src/main.c:325:13:MX_GPIO_Init	48	static
../Core/Src/main.c:345:13:MX_SPI4_Init	8	static
../Core/Src/main.c:361:13:MX_TIM6_Init	8	static
../Core/Src/main.c:370:13:MX_USART1_UART_Init	8	static
../Core/Src/main.c:382:6:Error_Handler	4	static,ignoring_inline_asm
